// Jest Snapshot v1, https://jestjs.io/docs/snapshot-testing

exports[`buildGraderPrompt snapshots stable output 1`] = `
"You are evalpr's grader. A reviewer LLM produced a code review comment. Score it on four dimensions, each 0-100:

1. confidence: how likely is this finding a real, actionable issue?
2. specificity: does it cite concrete code, line, and a concrete fix — not vague advice?
3. calibration: is the claimed severity reasonable? (style nit at 'error' is bad calibration)
4. principle_alignment: does the cited principle id exist in the configured set, and does the reasoning actually follow from it? Penalize if principle_cited is not in the configured list, or if the reasoning contradicts project conventions.

Configured principles:
- **p1** [correctness, warning]: d1

Comment under review:
- file: a.ts
- line: 1
- type: bug
- severity: warning
- principle_cited: p1
- reasoning: r
- body: body

Output rules:
- Output ONLY a JSON object matching the Score schema.
- Score = { confidence: number, specificity: number, calibration: number, principle_alignment: number, final_score: number, rationale: string }
- final_score = 0.40*confidence + 0.25*principle_alignment + 0.20*specificity + 0.15*calibration (rounded to integer).
- rationale: 1-2 sentences, plain text.
- Output JSON only. No markdown fences, no prose."
`;
